Track A: 90 configs across 5 regions (cap=fixed)

  [run]    A/R24/intercept/s0
  [run]    A/R24/glm_tweedie/s0
  [run]    A/R24/glm_hurdle/s0
  [run]    A/R24/xgb_tweedie/s0
  [run]    A/R24/xgb_tweedie/s1
  [run]    A/R24/xgb_tweedie/s2
  [run]    A/R24/xgb_tweedie/s3
  [run]    A/R24/xgb_tweedie/s4
  [run]    A/R24/xgb_hurdle/s0
  [run]    A/R24/xgb_hurdle/s1
  [run]    A/R24/xgb_hurdle/s2
  [run]    A/R24/xgb_hurdle/s3
  [run]    A/R24/xgb_hurdle/s4
  [run]    A/R24/tabicl/s0
  [run]    A/R24/tabicl/s1
  [run]    A/R24/tabicl/s2
  [run]    A/R24/tabicl/s3
  [run]    A/R24/tabicl/s4
  [run]    A/R82/intercept/s0
  [run]    A/R82/glm_tweedie/s0
  [run]    A/R82/glm_hurdle/s0
  [run]    A/R82/xgb_tweedie/s0
  [run]    A/R82/xgb_tweedie/s1
  [run]    A/R82/xgb_tweedie/s2
  [run]    A/R82/xgb_tweedie/s3
  [run]    A/R82/xgb_tweedie/s4
  [run]    A/R82/xgb_hurdle/s0
  [run]    A/R82/xgb_hurdle/s1
  [run]    A/R82/xgb_hurdle/s2
  [run]    A/R82/xgb_hurdle/s3
  [run]    A/R82/xgb_hurdle/s4
  [run]    A/R82/tabicl/s0
  [run]    A/R82/tabicl/s1
  [run]    A/R82/tabicl/s2
  [run]    A/R82/tabicl/s3
  [run]    A/R82/tabicl/s4
  [run]    A/R11/intercept/s0
  [run]    A/R11/glm_tweedie/s0
  [run]    A/R11/glm_hurdle/s0
  [run]    A/R11/xgb_tweedie/s0
  [run]    A/R11/xgb_tweedie/s1
  [run]    A/R11/xgb_tweedie/s2
  [run]    A/R11/xgb_tweedie/s3
  [run]    A/R11/xgb_tweedie/s4
  [run]    A/R11/xgb_hurdle/s0
  [run]    A/R11/xgb_hurdle/s1
  [run]    A/R11/xgb_hurdle/s2
  [run]    A/R11/xgb_hurdle/s3
  [run]    A/R11/xgb_hurdle/s4
  [run]    A/R11/tabicl/s0
  [run]    A/R11/tabicl/s1
  [run]    A/R11/tabicl/s2
  [run]    A/R11/tabicl/s3
  [run]    A/R11/tabicl/s4
  [run]    A/R93/intercept/s0
  [run]    A/R93/glm_tweedie/s0
  [run]    A/R93/glm_hurdle/s0
  [run]    A/R93/xgb_tweedie/s0
  [run]    A/R93/xgb_tweedie/s1
  [run]    A/R93/xgb_tweedie/s2
  [run]    A/R93/xgb_tweedie/s3
  [run]    A/R93/xgb_tweedie/s4
  [run]    A/R93/xgb_hurdle/s0
  [run]    A/R93/xgb_hurdle/s1
  [run]    A/R93/xgb_hurdle/s2
  [run]    A/R93/xgb_hurdle/s3
  [run]    A/R93/xgb_hurdle/s4
  [run]    A/R93/tabicl/s0
  [run]    A/R93/tabicl/s1
  [run]    A/R93/tabicl/s2
  [run]    A/R93/tabicl/s3
  [run]    A/R93/tabicl/s4
  [run]    A/R43/intercept/s0
  [run]    A/R43/glm_tweedie/s0
  [run]    A/R43/glm_hurdle/s0
  [run]    A/R43/xgb_tweedie/s0
  [run]    A/R43/xgb_tweedie/s1
  [run]    A/R43/xgb_tweedie/s2
  [run]    A/R43/xgb_tweedie/s3
  [run]    A/R43/xgb_tweedie/s4
  [run]    A/R43/xgb_hurdle/s0
  [run]    A/R43/xgb_hurdle/s1
  [run]    A/R43/xgb_hurdle/s2
  [run]    A/R43/xgb_hurdle/s3
  [run]    A/R43/xgb_hurdle/s4
  [run]    A/R43/tabicl/s0
  [run]    A/R43/tabicl/s1
  [run]    A/R43/tabicl/s2
  [run]    A/R43/tabicl/s3
  [run]    A/R43/tabicl/s4

=== gini_exposure_weighted (mean +/- sd over seeds) ===
cfg_region      R11     R24    R43     R82     R93
cfg_model                                         
glm_hurdle   0.3202  0.5840 0.2763  0.4966  0.2340
glm_tweedie  0.2210  0.4991 0.1833  0.4272  0.1491
intercept   -0.0000 -0.0000 0.0000 -0.0000 -0.0000
tabicl       0.2656  0.6306 0.4241  0.5531  0.2490
xgb_hurdle   0.3731  0.6260 0.3954  0.5763  0.2687
xgb_tweedie  0.2557  0.5395 0.3151  0.4910  0.1942

  seed SD:
cfg_region     R11    R24    R43    R82    R93
cfg_model                                     
glm_hurdle     NaN    NaN    NaN    NaN    NaN
glm_tweedie    NaN    NaN    NaN    NaN    NaN
intercept      NaN    NaN    NaN    NaN    NaN
tabicl      0.0175 0.0067 0.0501 0.0467 0.0708
xgb_hurdle  0.0023 0.0007 0.0126 0.0012 0.0066
xgb_tweedie 0.0023 0.0044 0.0145 0.0037 0.0102

=== tweedie_deviance_1.5 (mean +/- sd over seeds) ===
cfg_region      R11     R24     R43      R82     R93
cfg_model                                           
glm_hurdle  77.5477 84.3348 77.6704  92.9229 92.6301
glm_tweedie 81.6952 84.7674 82.1175  92.2796 93.8127
intercept   81.0802 95.0369 79.7634 102.0346 92.5635
tabicl      84.1384 77.0685 74.0080  86.1906 93.2222
xgb_hurdle  74.7717 76.6225 72.8588  87.6465 93.1259
xgb_tweedie 79.4251 80.0657 75.0524  92.8574 94.2824

  seed SD:
cfg_region     R11    R24    R43    R82    R93
cfg_model                                     
glm_hurdle     NaN    NaN    NaN    NaN    NaN
glm_tweedie    NaN    NaN    NaN    NaN    NaN
intercept      NaN    NaN    NaN    NaN    NaN
tabicl      1.8009 1.1246 4.5700 1.9907 2.5358
xgb_hurdle  0.0612 0.1721 0.5139 0.1226 0.2490
xgb_tweedie 0.1174 0.1144 0.7621 0.3263 0.3305
